================================================ 
  ETL Pipeline - Data Warehouse Logistik        
  Mulai  : 21/06/2026 11:54:05,00                        
  Server : localhost\SQLEXPRESS                             
  DB     : Logistics_DW                           
================================================ 
 
[OK] sqlcmd ditemukan. 
[OK] Koneksi ke SQL Server berhasil. 
[STEP 1/9] Create Database 
Database Logistics_DW sudah ada, melanjutkan...
Changed database context to 'Logistics_DW'.
================================================
Database Logistics_DW siap digunakan.
================================================
[OK] STEP 1 selesai. 
[STEP 2/9] Create Staging Tables 
Changed database context to 'Logistics_DW'.
================================================
Semua tabel staging berhasil dibuat di schema [stg].
================================================
[OK] STEP 2 selesai. 
[STEP 3/9] Import CSV 
Changed database context to 'Logistics_DW'.
Staging tables berhasil di-truncate.
Msg 7301, Level 16, State 2, Server DESKTOP-OF9I6NJ\SQLEXPRESS, Line 2
Cannot obtain the required interface ("IID_IColumnsInfo") from OLE DB provider "BULK" for linked server "(null)".
[GAGAL] STEP 3 - Import CSV 
