================================================ 
  ETL Pipeline - Data Warehouse Logistik        
  Mulai  : 22/06/2026 17:29:13,06                        
  Server : localhost\SQLEXPRESS                             
  DB     : Logistics_DW                           
================================================ 
 
[OK] sqlcmd ditemukan. 
[OK] Koneksi ke SQL Server berhasil. 
[STEP 1/9] Create Database 
Database Logistics_DW sudah ada, melanjutkan...
Changed database context to 'Logistics_DW'.
================================================
Database Logistics_DW siap digunakan.
================================================
[OK] STEP 1 selesai. 
[STEP 2/9] Create Staging Tables 
Changed database context to 'Logistics_DW'.
================================================
Semua tabel staging berhasil dibuat di schema [stg].
================================================
[OK] STEP 2 selesai. 
[STEP 3/9] Import CSV 
Changed database context to 'Logistics_DW'.
Staging tables berhasil di-truncate.

(365 rows affected)
1/10 - stg.DimDate : 365 baris

(5000 rows affected)
2/10 - stg.DimCustomer : 5000 baris

(20 rows affected)
3/10 - stg.DimBranch : 20 baris

(150 rows affected)
4/10 - stg.DimCourier : 150 baris

(6 rows affected)
5/10 - stg.DimService : 6 baris

(100000 rows affected)
6/10 - stg.DimPackage : 100000 baris

(8 rows affected)
7/10 - stg.DimShipmentStatus : 8 baris

(30 rows affected)
8/10 - stg.DimRoute : 30 baris

(100000 rows affected)
9/10 - stg.DimPayment : 100000 baris

(9999 rows affected)

(10000 rows affected)

(10000 rows affected)

(10000 rows affected)

(10000 rows affected)

(10000 rows affected)

(10000 rows affected)

(10000 rows affected)

(10000 rows affected)

(10000 rows affected)

(100000 rows affected)
10/10 - stg.FactDeliveryPerformance : 100000 baris
================================================
Import CSV ke Staging selesai.
================================================
[OK] STEP 3 selesai. 
[STEP 4/9] Create DW Tables 
Changed database context to 'Logistics_DW'.
================================================
Star Schema (schema [dw]) berhasil dibuat:
  - 9 Dimension Tables
  - 1 Fact Table dengan 11 FK + UNIQUE constraints
================================================
[OK] STEP 4 selesai. 
[STEP 5/9] Load Dimensions 
Changed database context to 'Logistics_DW'.

(0 rows affected)

(0 rows affected)

(0 rows affected)

(0 rows affected)

(0 rows affected)

(0 rows affected)

(0 rows affected)

(0 rows affected)

(0 rows affected)

(0 rows affected)
Tabel DW berhasil dikosongkan.
Info              DimDate     DimCustomer DimBranch   DimCourier  DimService  DimPackage  DimShipmentStatus DimRoute    DimPayment 
----------------- ----------- ----------- ----------- ----------- ----------- ----------- ----------------- ----------- -----------
STAGING ROW COUNT         365        5000          20         150           6      100000                 8          30      100000

(1 rows affected)

(365 rows affected)
1/9 - DimDate loaded     : 365 baris

(5000 rows affected)
2/9 - DimCustomer loaded : 5000 baris

(20 rows affected)
3/9 - DimBranch loaded   : 20 baris

(150 rows affected)
4/9 - DimCourier loaded  : 150 baris

(6 rows affected)
5/9 - DimService loaded  : 6 baris

(100000 rows affected)
6/9 - DimPackage loaded  : 100000 baris

(8 rows affected)
7/9 - DimStatus loaded   : 8 baris

(30 rows affected)
8/9 - DimRoute loaded    : 30 baris

(100000 rows affected)
9/9 - DimPayment loaded  : 100000 baris
Info                    DimDate     DimCustomer DimBranch   DimCourier  DimService  DimPackage  DimShipmentStatus DimRoute    DimPayment 
----------------------- ----------- ----------- ----------- ----------- ----------- ----------- ----------------- ----------- -----------
DW ROW COUNT AFTER LOAD         365        5000          20         150           6      100000                 8          30      100000

(1 rows affected)
================================================
Transform & Load Dimensi selesai.
Lanjutkan ke: 06_transform_and_load_fact.sql
================================================
[OK] STEP 5 selesai. 
[STEP 6/9] Load Fact 
Changed database context to 'Logistics_DW'.

(0 rows affected)
FactDeliveryPerformance berhasil dikosongkan.

(100000 rows affected)
FactDeliveryPerformance loaded: 100000 baris
total_rows  actual_days_filled actual_days_null delay_gt_0  delay_eq_0  delay_null  total_delivered
----------- ------------------ ---------------- ----------- ----------- ----------- ---------------
     100000              70821            29179       42626       28195       29179           70821

(1 rows affected)
================================================
Transform & Load Fact selesai.
Lanjutkan ke: 07_check_etl_result.sql
================================================
[OK] STEP 6 selesai. 
[STEP 7/9] QA Check 
Changed database context to 'Logistics_DW'.
=== [1] ROW COUNT ===
TableName               TotalRows  
----------------------- -----------
DimBranch                        20
DimCourier                      150
DimCustomer                    5000
DimDate                         365
DimPackage                   100000
DimPayment                   100000
DimRoute                         30
DimService                        6
DimShipmentStatus                 8
FactDeliveryPerformance      100000

(10 rows affected)
=== [2] DISTRIBUSI STATUS ===
Status                         Kategori        Total_Pengiriman Persentase_Pct
------------------------------ --------------- ---------------- --------------
Delivered                      Selesai                    70821          70.82
Failed Delivery                Gagal                       4696           4.70
On Sorting                     Proses                      4478           4.48
Picked Up                      Proses                      4452           4.45
In Transit                     Proses                      4422           4.42
Out for Delivery               Proses                      4306           4.31
Cancelled                      Batal                       4271           4.27
Returned to Sender             Gagal                       2554           2.55

(8 rows affected)
=== [3] DATA QUALITY CHECK ===
Error_Negative_Delay Error_Negative_Amount Error_Zero_ShippingFee Error_Delivered_NoActualDays Error_Delivered_NoDeliveryDate Warning_NonDelivered_HasActualDays Error_Missing_TransactionDate Error_MultipleFlags
-------------------- --------------------- ---------------------- ---------------------------- ------------------------------ ---------------------------------- ----------------------------- -------------------
                   0                     0                      0                            0                              0                                  0                             0                   0

(1 rows affected)
=== [4] REFERENTIAL INTEGRITY CHECK ===
Orphan_TransactionDate Orphan_Customer Orphan_Branch Orphan_Courier Orphan_Service Orphan_Package Orphan_Status Orphan_Route Orphan_Payment
---------------------- --------------- ------------- -------------- -------------- -------------- ------------- ------------ --------------
                     0               0             0              0              0              0             0            0              0

(1 rows affected)
=== [5] DUPLICATE CHECK ===
Dup_shipment_key Dup_shipment_id Dup_awb_number Dup_customer_key Dup_customer_id
---------------- --------------- -------------- ---------------- ---------------
               0               0              0                0               0

(1 rows affected)
=== [6] KPI SUMMARY ===
Total_Shipments                                                                                                                                                                                                                                                                                                                                                                                                                                                                                                                                                                                                                                                                                                                                                                                                                                                                                                                                                                                                                                                                                                                                                                                                                                                                                                                                                                                                                                                                                                                                                                                                                                                                                                                                                                                                                                                                                                                                                                                                                                                                                                                                                                                                                                                                                                                                                                                                                                                                                                                                                                                                                                                                                                                                                                                                                                                                                                                                                                                                                                                                                                                                                                                                                                                                                                                                                                                                                                                                                                                                                                                                                                                                                                                                                                                                                                                                                                                                                                                                                                                                                                                                                  Total_Revenue_IDR                                                                                                                                                                                                                                                                                                                                                                                                                                                                                                                                                                                                                                                                                                                                                                                                                                                                                                                                                                                                                                                                                                                                                                                                                                                                                                                                                                                                                                                                                                                                                                                                                                                                                                                                                                                                                                                                                                                                                                                                                                                                                                                                                                                                                                                                                                                                                                                                                                                                                                                                                                                                                                                                                                                                                                                                                                                                                                                                                                                                                                                                                                                                                                                                                                                                                                                                                                                                                                                                                                                                                                                                                                                                                                                                                                                                                                                                                                                                                                                                                                                                                                                                                Avg_Revenue_Per_Shipment                                                                                                                                                                                                                                                                                                                                                                                                                                                                                                                                                                                                                                                                                                                                                                                                                                                                                                                                                                                                                                                                                                                                                                                                                                                                                                                                                                                                                                                                                                                                                                                                                                                                                                                                                                                                                                                                                                                                                                                                                                                                                                                                                                                                                                                                                                                                                                                                                                                                                                                                                                                                                                                                                                                                                                                                                                                                                                                                                                                                                                                                                                                                                                                                                                                                                                                                                                                                                                                                                                                                                                                                                                                                                                                                                                                                                                                                                                                                                                                                                                                                                                                                         Delivery_Rate_Pct OnTime_Rate_Pct Avg_Delay_Days_WhenLate Failure_Rate_Pct
---------------------------------------------------------------------------------------------------------------------------------------------------------------------------------------------------------------------------------------------------------------------------------------------------------------------------------------------------------------------------------------------------------------------------------------------------------------------------------------------------------------------------------------------------------------------------------------------------------------------------------------------------------------------------------------------------------------------------------------------------------------------------------------------------------------------------------------------------------------------------------------------------------------------------------------------------------------------------------------------------------------------------------------------------------------------------------------------------------------------------------------------------------------------------------------------------------------------------------------------------------------------------------------------------------------------------------------------------------------------------------------------------------------------------------------------------------------------------------------------------------------------------------------------------------------------------------------------------------------------------------------------------------------------------------------------------------------------------------------------------------------------------------------------------------------------------------------------------------------------------------------------------------------------------------------------------------------------------------------------------------------------------------------------------------------------------------------------------------------------------------------------------------------------------------------------------------------------------------------------------------------------------------------------------------------------------------------------------------------------------------------------------------------------------------------------------------------------------------------------------------------------------------------------------------------------------------------------------------------------------------------------------------------------------------------------------------------------------------------------------------------------------------------------------------------------------------------------------------------------------------------------------------------------------------------------------------------------------------------------------------------------------------------------------------------------------------------------------------------------------------------------------------------------------------------------------------------------------------------------------------------------------------------------------------------------------------------------------------------------------------------------------------------------------------------------------------------------------------------------------------------------------------------------------------------------------------------------------------------------------------------------------------------------------------------------------------------------------------------------------------------------------------------------------------------------------------------------------------------------------------------------------------------------------------------------------------------------------------------------------------------------------------------------------------------------------------------------------------------------------------------------------------------- ---------------------------------------------------------------------------------------------------------------------------------------------------------------------------------------------------------------------------------------------------------------------------------------------------------------------------------------------------------------------------------------------------------------------------------------------------------------------------------------------------------------------------------------------------------------------------------------------------------------------------------------------------------------------------------------------------------------------------------------------------------------------------------------------------------------------------------------------------------------------------------------------------------------------------------------------------------------------------------------------------------------------------------------------------------------------------------------------------------------------------------------------------------------------------------------------------------------------------------------------------------------------------------------------------------------------------------------------------------------------------------------------------------------------------------------------------------------------------------------------------------------------------------------------------------------------------------------------------------------------------------------------------------------------------------------------------------------------------------------------------------------------------------------------------------------------------------------------------------------------------------------------------------------------------------------------------------------------------------------------------------------------------------------------------------------------------------------------------------------------------------------------------------------------------------------------------------------------------------------------------------------------------------------------------------------------------------------------------------------------------------------------------------------------------------------------------------------------------------------------------------------------------------------------------------------------------------------------------------------------------------------------------------------------------------------------------------------------------------------------------------------------------------------------------------------------------------------------------------------------------------------------------------------------------------------------------------------------------------------------------------------------------------------------------------------------------------------------------------------------------------------------------------------------------------------------------------------------------------------------------------------------------------------------------------------------------------------------------------------------------------------------------------------------------------------------------------------------------------------------------------------------------------------------------------------------------------------------------------------------------------------------------------------------------------------------------------------------------------------------------------------------------------------------------------------------------------------------------------------------------------------------------------------------------------------------------------------------------------------------------------------------------------------------------------------------------------------------------------------------------------------------------------------- ---------------------------------------------------------------------------------------------------------------------------------------------------------------------------------------------------------------------------------------------------------------------------------------------------------------------------------------------------------------------------------------------------------------------------------------------------------------------------------------------------------------------------------------------------------------------------------------------------------------------------------------------------------------------------------------------------------------------------------------------------------------------------------------------------------------------------------------------------------------------------------------------------------------------------------------------------------------------------------------------------------------------------------------------------------------------------------------------------------------------------------------------------------------------------------------------------------------------------------------------------------------------------------------------------------------------------------------------------------------------------------------------------------------------------------------------------------------------------------------------------------------------------------------------------------------------------------------------------------------------------------------------------------------------------------------------------------------------------------------------------------------------------------------------------------------------------------------------------------------------------------------------------------------------------------------------------------------------------------------------------------------------------------------------------------------------------------------------------------------------------------------------------------------------------------------------------------------------------------------------------------------------------------------------------------------------------------------------------------------------------------------------------------------------------------------------------------------------------------------------------------------------------------------------------------------------------------------------------------------------------------------------------------------------------------------------------------------------------------------------------------------------------------------------------------------------------------------------------------------------------------------------------------------------------------------------------------------------------------------------------------------------------------------------------------------------------------------------------------------------------------------------------------------------------------------------------------------------------------------------------------------------------------------------------------------------------------------------------------------------------------------------------------------------------------------------------------------------------------------------------------------------------------------------------------------------------------------------------------------------------------------------------------------------------------------------------------------------------------------------------------------------------------------------------------------------------------------------------------------------------------------------------------------------------------------------------------------------------------------------------------------------------------------------------------------------------------------------------------------------------------------------------------------- ----------------- --------------- ----------------------- ----------------
100,000                                                                                                                                                                                                                                                                                                                                                                                                                                                                                                                                                                                                                                                                                                                                                                                                                                                                                                                                                                                                                                                                                                                                                                                                                                                                                                                                                                                                                                                                                                                                                                                                                                                                                                                                                                                                                                                                                                                                                                                                                                                                                                                                                                                                                                                                                                                                                                                                                                                                                                                                                                                                                                                                                                                                                                                                                                                                                                                                                                                                                                                                                                                                                                                                                                                                                                                                                                                                                                                                                                                                                                                                                                                                                                                                                                                                                                                                                                                                                                                                                                                                                                                                                          8,383,790,000                                                                                                                                                                                                                                                                                                                                                                                                                                                                                                                                                                                                                                                                                                                                                                                                                                                                                                                                                                                                                                                                                                                                                                                                                                                                                                                                                                                                                                                                                                                                                                                                                                                                                                                                                                                                                                                                                                                                                                                                                                                                                                                                                                                                                                                                                                                                                                                                                                                                                                                                                                                                                                                                                                                                                                                                                                                                                                                                                                                                                                                                                                                                                                                                                                                                                                                                                                                                                                                                                                                                                                                                                                                                                                                                                                                                                                                                                                                                                                                                                                                                                                                                                    83,838                                                                                                                                                                                                                                                                                                                                                                                                                                                                                                                                                                                                                                                                                                                                                                                                                                                                                                                                                                                                                                                                                                                                                                                                                                                                                                                                                                                                                                                                                                                                                                                                                                                                                                                                                                                                                                                                                                                                                                                                                                                                                                                                                                                                                                                                                                                                                                                                                                                                                                                                                                                                                                                                                                                                                                                                                                                                                                                                                                                                                                                                                                                                                                                                                                                                                                                                                                                                                                                                                                                                                                                                                                                                                                                                                                                                                                                                                                                                                                                                                                                                                                                                                                       70.82           39.81                    2.00             4.70

(1 rows affected)
================================================
QA Check selesai. Semua nilai Error harus = 0.
Jika ada Orphan atau Error > 0, cek kembali
script ETL sebelumnya.
================================================
[OK] STEP 7 selesai. 
[STEP 8/9] Create Indexes 
Changed database context to 'Logistics_DW'.
IX_Fact_TransactionDate dibuat
IX_Fact_PickupDate dibuat
IX_Fact_DeliveryDate dibuat
IX_Fact_Customer dibuat
IX_Fact_Branch dibuat
IX_Fact_Courier dibuat
IX_Fact_Service dibuat
IX_Fact_Status dibuat
IX_Fact_Route dibuat
IX_Fact_Date_Status dibuat
IX_Fact_Flags dibuat
IX_Customer_Province dibuat
IX_Customer_Type dibuat
IX_Branch_Region dibuat
IX_Courier_Branch dibuat
IX_Courier_VehicleType dibuat
IX_Date_YearMonth dibuat
IX_Date_Quarter dibuat
IX_Route_Type dibuat
IX_Payment_Method dibuat
IX_Package_WeightCategory dibuat
TableName                                                                                                                        IndexName                                                                                                                        IndexType                                                    IsUnique
-------------------------------------------------------------------------------------------------------------------------------- -------------------------------------------------------------------------------------------------------------------------------- ------------------------------------------------------------ --------
DimBranch                                                                                                                        IX_Branch_Region                                                                                                                 NONCLUSTERED                                                        0
DimBranch                                                                                                                        UQ_DimBranch_ID                                                                                                                  NONCLUSTERED                                                        1
DimBranch                                                                                                                        PK_DimBranch                                                                                                                     CLUSTERED                                                           1
DimCourier                                                                                                                       IX_Courier_Branch                                                                                                                NONCLUSTERED                                                        0
DimCourier                                                                                                                       IX_Courier_VehicleType                                                                                                           NONCLUSTERED                                                        0
DimCourier                                                                                                                       UQ_DimCourier_ID                                                                                                                 NONCLUSTERED                                                        1
DimCourier                                                                                                                       PK_DimCourier                                                                                                                    CLUSTERED                                                           1
DimCustomer                                                                                                                      IX_Customer_Province                                                                                                             NONCLUSTERED                                                        0
DimCustomer                                                                                                                      IX_Customer_Type                                                                                                                 NONCLUSTERED                                                        0
DimCustomer                                                                                                                      UQ_DimCustomer_ID                                                                                                                NONCLUSTERED                                                        1
DimCustomer                                                                                                                      PK_DimCustomer                                                                                                                   CLUSTERED                                                           1
DimDate                                                                                                                          IX_Date_Quarter                                                                                                                  NONCLUSTERED                                                        0
DimDate                                                                                                                          IX_Date_YearMonth                                                                                                                NONCLUSTERED                                                        0
DimDate                                                                                                                          PK_DimDate                                                                                                                       CLUSTERED                                                           1
DimPackage                                                                                                                       IX_Package_WeightCategory                                                                                                        NONCLUSTERED                                                        0
DimPackage                                                                                                                       UQ_DimPackage_ID                                                                                                                 NONCLUSTERED                                                        1
DimPackage                                                                                                                       PK_DimPackage                                                                                                                    CLUSTERED                                                           1
DimPayment                                                                                                                       IX_Payment_Method                                                                                                                NONCLUSTERED                                                        0
DimPayment                                                                                                                       UQ_DimPayment_ID                                                                                                                 NONCLUSTERED                                                        1
DimPayment                                                                                                                       PK_DimPayment                                                                                                                    CLUSTERED                                                           1
DimRoute                                                                                                                         IX_Route_Type                                                                                                                    NONCLUSTERED                                                        0
DimRoute                                                                                                                         UQ_DimRoute_ID                                                                                                                   NONCLUSTERED                                                        1
DimRoute                                                                                                                         PK_DimRoute                                                                                                                      CLUSTERED                                                           1
DimService                                                                                                                       UQ_DimService_Code                                                                                                               NONCLUSTERED                                                        1
DimService                                                                                                                       PK_DimService                                                                                                                    CLUSTERED                                                           1
DimShipmentStatus                                                                                                                UQ_DimShipmentStatus_Code                                                                                                        NONCLUSTERED                                                        1
DimShipmentStatus                                                                                                                PK_DimShipmentStatus                                                                                                             CLUSTERED                                                           1
FactDeliveryPerformance                                                                                                          IX_Fact_Branch                                                                                                                   NONCLUSTERED                                                        0
FactDeliveryPerformance                                                                                                          IX_Fact_Courier                                                                                                                  NONCLUSTERED                                                        0
FactDeliveryPerformance                                                                                                          IX_Fact_Customer                                                                                                                 NONCLUSTERED                                                        0
FactDeliveryPerformance                                                                                                          IX_Fact_Date_Status                                                                                                              NONCLUSTERED                                                        0
FactDeliveryPerformance                                                                                                          IX_Fact_DeliveryDate                                                                                                             NONCLUSTERED                                                        0
FactDeliveryPerformance                                                                                                          IX_Fact_Flags                                                                                                                    NONCLUSTERED                                                        0
FactDeliveryPerformance                                                                                                          IX_Fact_PickupDate                                                                                                               NONCLUSTERED                                                        0
FactDeliveryPerformance                                                                                                          IX_Fact_Route                                                                                                                    NONCLUSTERED                                                        0
FactDeliveryPerformance                                                                                                          IX_Fact_Service                                                                                                                  NONCLUSTERED                                                        0
FactDeliveryPerformance                                                                                                          IX_Fact_Status                                                                                                                   NONCLUSTERED                                                        0
FactDeliveryPerformance                                                                                                          IX_Fact_TransactionDate                                                                                                          NONCLUSTERED                                                        0
FactDeliveryPerformance                                                                                                          UQ_Fact_AWB                                                                                                                      NONCLUSTERED                                                        1
FactDeliveryPerformance                                                                                                          UQ_Fact_ShipmentID                                                                                                               NONCLUSTERED                                                        1
FactDeliveryPerformance                                                                                                          PK_FactDelivery                                                                                                                  CLUSTERED                                                           1

(41 rows affected)
================================================
Semua index berhasil dibuat.
Query performance siap untuk demo & Power BI.
================================================
[OK] STEP 8 selesai. 
[STEP 9/9] Create Views 
Changed database context to 'Logistics_DW'.
vw_DeliveryPerformanceSummary dibuat
vw_CourierPerformance dibuat
vw_BranchRevenue dibuat
vw_MonthlyTrend dibuat
vw_ServiceAnalysis dibuat
ViewName                                                                                                                         Schema_Name                                                                                                                      CreatedAt              
-------------------------------------------------------------------------------------------------------------------------------- -------------------------------------------------------------------------------------------------------------------------------- -----------------------
vw_BranchRevenue                                                                                                                 dw                                                                                                                               2026-06-21 12:05:20.233
vw_CourierPerformance                                                                                                            dw                                                                                                                               2026-06-21 12:05:20.233
vw_DeliveryPerformanceSummary                                                                                                    dw                                                                                                                               2026-06-21 12:02:44.850
vw_MonthlyTrend                                                                                                                  dw                                                                                                                               2026-06-21 12:05:20.237
vw_ServiceAnalysis                                                                                                               dw                                                                                                                               2026-06-21 12:05:20.237

(5 rows affected)
================================================
Semua Analytical Views berhasil dibuat:
  1. vw_DeliveryPerformanceSummary (main view)
  2. vw_CourierPerformance
  3. vw_BranchRevenue
  4. vw_MonthlyTrend
  5. vw_ServiceAnalysis
 
Power BI: Connect ke view-view ini, bukan
langsung ke tabel Fact/Dim.
================================================
[OK] STEP 9 selesai. 
 
================================================ 
  ETL PIPELINE SELESAI SUKSES                  
  Selesai : 22/06/2026 17:29:21,49                        
================================================ 
